---
source: tests/advisories.rs
expression: unmaintained_advisories(diags)
---
[]
