---
source: tests/advisories.rs
expression: diags
---
[
  {
    "fields": {
      "code": "yanked",
      "graphs": [
        {
          "Krate": {
            "name": "crate-two",
            "version": "0.1.0"
          },
          "parents": [
            {
              "Krate": {
                "name": "yank-check",
                "version": "0.1.0"
              }
            }
          ]
        }
      ],
      "labels": [
        {
          "column": 1,
          "line": 2,
          "message": "yanked version",
          "span": "crate-two 0.1.0 registry+https://github.com/EmbarkStudios/cargo-test-index"
        }
      ],
      "message": "detected yanked crate",
      "severity": "error"
    },
    "type": "diagnostic"
  }
]
