---
source: tests/bans.rs
expression: diags
snapshot_kind: text
---
[]
