---
source: tests/bans.rs
expression: diags
---
[]
