---
source: tests/bans.rs
expression: diags
---
[
  {
    "fields": {
      "code": "wildcard",
      "graphs": [
        {
          "Krate": {
            "name": "wildcards-test-allow-paths-public",
            "version": "0.1.0"
          }
        }
      ],
      "labels": [
        {
          "column": 1,
          "line": 1,
          "message": "wildcard crate entry",
          "span": "wildcards-test-allow-paths-dependency = '*'"
        }
      ],
      "message": "found 1 wildcard dependency for crate 'wildcards-test-allow-paths-public'. allow-wildcard-paths is enabled, but does not apply to public crates as crates.io disallows path dependencies.",
      "severity": "error"
    },
    "type": "diagnostic"
  }
]
