---
source: tests/feature_bans.rs
expression: diags
---
[]
