---
source: tests/sources.rs
expression: diags
---
[
  {
    "fields": {
      "code": "allowed-by-organization",
      "graphs": [
        {
          "Krate": {
            "name": "amethyst_core",
            "version": "0.10.1"
          },
          "parents": [
            {
              "Krate": {
                "kind": "build",
                "name": "sources",
                "version": "0.1.0"
              }
            }
          ]
        }
      ],
      "labels": [
        {
          "column": 22,
          "line": 7,
          "message": "source",
          "span": "git+https://gitlab.com/amethyst-engine/amethyst?rev=0c2da617#0c2da61772b89323af9dcfed0ed00b2a698d95b5"
        },
        {
          "column": 15,
          "line": 3,
          "message": "organization allowance",
          "span": "'amethyst-engine'"
        }
      ],
      "message": "source allowed by organization allowance",
      "severity": "note"
    },
    "type": "diagnostic"
  },
  {
    "fields": {
      "code": "allowed-by-organization",
      "graphs": [
        {
          "Krate": {
            "name": "amethyst_error",
            "version": "0.5.1"
          },
          "parents": [
            {
              "Krate": {
                "name": "amethyst_core",
                "version": "0.10.1"
              },
              "parents": [
                {
                  "Krate": {
                    "kind": "build",
                    "name": "sources",
                    "version": "0.1.0"
                  }
                }
              ]
            }
          ]
        }
      ],
      "labels": [
        {
          "column": 22,
          "line": 8,
          "message": "source",
          "span": "git+https://gitlab.com/amethyst-engine/amethyst?rev=0c2da617#0c2da61772b89323af9dcfed0ed00b2a698d95b5"
        },
        {
          "column": 15,
          "line": 3,
          "message": "organization allowance",
          "span": "'amethyst-engine'"
        }
      ],
      "message": "source allowed by organization allowance",
      "severity": "note"
    },
    "type": "diagnostic"
  },
  {
    "fields": {
      "code": "source-not-allowed",
      "graphs": [
        {
          "Krate": {
            "name": "anyhow",
            "version": "1.0.68"
          },
          "parents": [
            {
              "Krate": {
                "name": "sources",
                "version": "0.1.0"
              }
            }
          ]
        }
      ],
      "labels": [
        {
          "column": 15,
          "line": 9,
          "message": "source",
          "span": "git+https://github.com/dtolnay/anyhow#0a45d7665c32ba61788e09273bb17912ed402332"
        }
      ],
      "message": "detected 'git' source not explicitly allowed",
      "severity": "error"
    },
    "type": "diagnostic"
  },
  {
    "fields": {
      "code": "source-not-allowed",
      "graphs": [
        {
          "Krate": {
            "name": "krates",
            "version": "0.12.6"
          },
          "parents": [
            {
              "Krate": {
                "name": "sources",
                "version": "0.1.0"
              }
            }
          ]
        }
      ],
      "labels": [
        {
          "column": 15,
          "line": 45,
          "message": "source",
          "span": "git+https://github.com/EmbarkStudios/krates?branch=main#6aa02ee69d69444c910f0ca04ccebb949d76e738"
        }
      ],
      "message": "detected 'git' source not explicitly allowed",
      "severity": "error"
    },
    "type": "diagnostic"
  },
  {
    "fields": {
      "code": "source-not-allowed",
      "graphs": [
        {
          "Krate": {
            "name": "line-wrap",
            "version": "0.1.1"
          },
          "parents": [
            {
              "Krate": {
                "kind": "build",
                "name": "sources",
                "version": "0.1.0"
              }
            }
          ]
        }
      ],
      "labels": [
        {
          "column": 17,
          "line": 49,
          "message": "source",
          "span": "git+https://bitbucket.org/marshallpierce/line-wrap-rs#41e42b9d95684d41615dd3d0aeeb1cfc4cc47225"
        }
      ],
      "message": "detected 'git' source not explicitly allowed",
      "severity": "error"
    },
    "type": "diagnostic"
  },
  {
    "fields": {
      "code": "source-not-allowed",
      "graphs": [
        {
          "Krate": {
            "name": "spdx",
            "version": "0.3.4"
          },
          "parents": [
            {
              "Krate": {
                "kind": "dev",
                "name": "sources",
                "version": "0.1.0"
              }
            }
          ]
        }
      ],
      "labels": [
        {
          "column": 12,
          "line": 94,
          "message": "source",
          "span": "git+https://github.com/EmbarkStudios/spdx?tag=0.3.4#ba8dc9f0b164619771892b865f00236ebbd4cd39"
        }
      ],
      "message": "detected 'git' source not explicitly allowed",
      "severity": "error"
    },
    "type": "diagnostic"
  }
]
